warning: compiler v0.1.0 (C:\Users\Administrator\Desktop\Projects\oasm\compiler) ignoring invalid dependency `runtime_daemon` which is missing a lib target
   Compiling windows-link v0.2.1
   Compiling proc-macro2 v1.0.103
   Compiling unicode-ident v1.0.22
   Compiling quote v1.0.42
   Compiling cfg-if v1.0.4
   Compiling log v0.4.29
   Compiling memchr v2.7.6
   Compiling serde_core v1.0.228
   Compiling once_cell v1.21.3
   Compiling windows_x86_64_msvc v0.53.1
   Compiling smallvec v1.15.1
   Compiling serde v1.0.228
   Compiling once_cell_polyfill v1.70.2
   Compiling utf8parse v0.2.2
   Compiling anstyle v1.0.13
   Compiling regex-syntax v0.8.8
   Compiling typenum v1.19.0
   Compiling version_check v0.9.5
   Compiling colorchoice v1.0.4
   Compiling pin-project-lite v0.2.16
   Compiling is_terminal_polyfill v1.70.2
   Compiling ryu v1.0.20
   Compiling lazy_static v1.5.0
   Compiling autocfg v1.5.0
   Compiling serde_json v1.0.145
   Compiling itoa v1.0.15
   Compiling equivalent v1.0.2
   Compiling windows_x86_64_msvc v0.48.5
   Compiling parking_lot_core v0.9.12
   Compiling hashbrown v0.16.1
   Compiling anyhow v1.0.100
   Compiling jiff v0.2.16
{"reason":"compiler-artifact","package_id":"registry+https://github.com/rust-lang/crates.io-index#windows-link@0.2.1","manifest_path":"C:\\Users\\Administrator\\.cargo\\registry\\src\\index.crates.io-1949cf8c6b5b557f\\windows-link-0.2.1\\Cargo.toml","target":{"kind":["lib"],"crate_types":["lib"],"name":"windows_link","src_path":"C:\\Users\\Administrator\\.cargo\\registry\\src\\index.crates.io-1949cf8c6b5b557f\\windows-link-0.2.1\\src\\lib.rs","edition":"2021","doc":true,"doctest":true,"test":true},"profile":{"opt_level":"0","debuginfo":2,"debug_assertions":true,"overflow_checks":true,"test":false},"features":[],"filenames":["C:\\Users\\Administrator\\Desktop\\Projects\\oasm\\target\\debug\\deps\\libwindows_link-57fe558fbc78bd39.rlib","C:\\Users\\Administrator\\Desktop\\Projects\\oasm\\target\\debug\\deps\\libwindows_link-57fe558fbc78bd39.rmeta"],"executable":null,"fresh":false}
   Compiling windows-sys v0.61.2
{"reason":"compiler-artifact","package_id":"registry+https://github.com/rust-lang/crates.io-index#cfg-if@1.0.4","manifest_path":"C:\\Users\\Administrator\\.cargo\\registry\\src\\index.crates.io-1949cf8c6b5b557f\\cfg-if-1.0.4\\Cargo.toml","target":{"kind":["lib"],"crate_types":["lib"],"name":"cfg_if","src_path":"C:\\Users\\Administrator\\.cargo\\registry\\src\\index.crates.io-1949cf8c6b5b557f\\cfg-if-1.0.4\\src\\lib.rs","edition":"2018","doc":true,"doctest":true,"test":true},"profile":{"opt_level":"0","debuginfo":2,"debug_assertions":true,"overflow_checks":true,"test":false},"features":[],"filenames":["C:\\Users\\Administrator\\Desktop\\Projects\\oasm\\target\\debug\\deps\\libcfg_if-59068db8513376d0.rlib","C:\\Users\\Administrator\\Desktop\\Projects\\oasm\\target\\debug\\deps\\libcfg_if-59068db8513376d0.rmeta"],"executable":null,"fresh":false}
   Compiling anstyle-parse v0.2.7
{"reason":"compiler-artifact","package_id":"registry+https://github.com/rust-lang/crates.io-index#unicode-ident@1.0.22","manifest_path":"C:\\Users\\Administrator\\.cargo\\registry\\src\\index.crates.io-1949cf8c6b5b557f\\unicode-ident-1.0.22\\Cargo.toml","target":{"kind":["lib"],"crate_types":["lib"],"name":"unicode_ident","src_path":"C:\\Users\\Administrator\\.cargo\\registry\\src\\index.crates.io-1949cf8c6b5b557f\\unicode-ident-1.0.22\\src\\lib.rs","edition":"2018","doc":true,"doctest":true,"test":true},"profile":{"opt_level":"0","debuginfo":0,"debug_assertions":true,"overflow_checks":true,"test":false},"features":[],"filenames":["C:\\Users\\Administrator\\Desktop\\Projects\\oasm\\target\\debug\\deps\\libunicode_ident-37107c663e5f415a.rlib","C:\\Users\\Administrator\\Desktop\\Projects\\oasm\\target\\debug\\deps\\libunicode_ident-37107c663e5f415a.rmeta"],"executable":null,"fresh":false}
   Compiling thread_local v1.1.9
{"reason":"compiler-artifact","package_id":"registry+https://github.com/rust-lang/crates.io-index#utf8parse@0.2.2","manifest_path":"C:\\Users\\Administrator\\.cargo\\registry\\src\\index.crates.io-1949cf8c6b5b557f\\utf8parse-0.2.2\\Cargo.toml","target":{"kind":["lib"],"crate_types":["lib"],"name":"utf8parse","src_path":"C:\\Users\\Administrator\\.cargo\\registry\\src\\index.crates.io-1949cf8c6b5b557f\\utf8parse-0.2.2\\src\\lib.rs","edition":"2018","doc":true,"doctest":true,"test":true},"profile":{"opt_level":"0","debuginfo":2,"debug_assertions":true,"overflow_checks":true,"test":false},"features":["default"],"filenames":["C:\\Users\\Administrator\\Desktop\\Projects\\oasm\\target\\debug\\deps\\libutf8parse-9a0f2a7d21cc2a39.rlib","C:\\Users\\Administrator\\Desktop\\Projects\\oasm\\target\\debug\\deps\\libutf8parse-9a0f2a7d21cc2a39.rmeta"],"executable":null,"fresh":false}
   Compiling scopeguard v1.2.0
{"reason":"compiler-artifact","package_id":"registry+https://github.com/rust-lang/crates.io-index#colorchoice@1.0.4","manifest_path":"C:\\Users\\Administrator\\.cargo\\registry\\src\\index.crates.io-1949cf8c6b5b557f\\colorchoice-1.0.4\\Cargo.toml","target":{"kind":["lib"],"crate_types":["lib"],"name":"colorchoice","src_path":"C:\\Users\\Administrator\\.cargo\\registry\\src\\index.crates.io-1949cf8c6b5b557f\\colorchoice-1.0.4\\src\\lib.rs","edition":"2021","doc":true,"doctest":true,"test":true},"profile":{"opt_level":"0","debuginfo":2,"debug_assertions":true,"overflow_checks":true,"test":false},"features":[],"filenames":["C:\\Users\\Administrator\\Desktop\\Projects\\oasm\\target\\debug\\deps\\libcolorchoice-20ab88640af58d48.rlib","C:\\Users\\Administrator\\Desktop\\Projects\\oasm\\target\\debug\\deps\\libcolorchoice-20ab88640af58d48.rmeta"],"executable":null,"fresh":false}
   Compiling unsafe-libyaml v0.2.11
{"reason":"compiler-artifact","package_id":"registry+https://github.com/rust-lang/crates.io-index#pin-project-lite@0.2.16","manifest_path":"C:\\Users\\Administrator\\.cargo\\registry\\src\\index.crates.io-1949cf8c6b5b557f\\pin-project-lite-0.2.16\\Cargo.toml","target":{"kind":["lib"],"crate_types":["lib"],"name":"pin_project_lite","src_path":"C:\\Users\\Administrator\\.cargo\\registry\\src\\index.crates.io-1949cf8c6b5b557f\\pin-project-lite-0.2.16\\src\\lib.rs","edition":"2018","doc":true,"doctest":true,"test":true},"profile":{"opt_level":"0","debuginfo":2,"debug_assertions":true,"overflow_checks":true,"test":false},"features":[],"filenames":["C:\\Users\\Administrator\\Desktop\\Projects\\oasm\\target\\debug\\deps\\libpin_project_lite-2fa5e6199ff16a29.rlib","C:\\Users\\Administrator\\Desktop\\Projects\\oasm\\target\\debug\\deps\\libpin_project_lite-2fa5e6199ff16a29.rmeta"],"executable":null,"fresh":false}
   Compiling sharded-slab v0.1.7
{"reason":"compiler-artifact","package_id":"registry+https://github.com/rust-lang/crates.io-index#equivalent@1.0.2","manifest_path":"C:\\Users\\Administrator\\.cargo\\registry\\src\\index.crates.io-1949cf8c6b5b557f\\equivalent-1.0.2\\Cargo.toml","target":{"kind":["lib"],"crate_types":["lib"],"name":"equivalent","src_path":"C:\\Users\\Administrator\\.cargo\\registry\\src\\index.crates.io-1949cf8c6b5b557f\\equivalent-1.0.2\\src\\lib.rs","edition":"2015","doc":true,"doctest":true,"test":true},"profile":{"opt_level":"0","debuginfo":2,"debug_assertions":true,"overflow_checks":true,"test":false},"features":[],"filenames":["C:\\Users\\Administrator\\Desktop\\Projects\\oasm\\target\\debug\\deps\\libequivalent-bf69e0f47555a7c9.rlib","C:\\Users\\Administrator\\Desktop\\Projects\\oasm\\target\\debug\\deps\\libequivalent-bf69e0f47555a7c9.rmeta"],"executable":null,"fresh":false}
   Compiling half v1.8.3
{"reason":"compiler-artifact","package_id":"registry+https://github.com/rust-lang/crates.io-index#is_terminal_polyfill@1.70.2","manifest_path":"C:\\Users\\Administrator\\.cargo\\registry\\src\\index.crates.io-1949cf8c6b5b557f\\is_terminal_polyfill-1.70.2\\Cargo.toml","target":{"kind":["lib"],"crate_types":["lib"],"name":"is_terminal_polyfill","src_path":"C:\\Users\\Administrator\\.cargo\\registry\\src\\index.crates.io-1949cf8c6b5b557f\\is_terminal_polyfill-1.70.2\\src\\lib.rs","edition":"2021","doc":true,"doctest":true,"test":true},"profile":{"opt_level":"0","debuginfo":2,"debug_assertions":true,"overflow_checks":true,"test":false},"features":["default"],"filenames":["C:\\Users\\Administrator\\Desktop\\Projects\\oasm\\target\\debug\\deps\\libis_terminal_polyfill-a0232285e75eaa6d.rlib","C:\\Users\\Administrator\\Desktop\\Projects\\oasm\\target\\debug\\deps\\libis_terminal_polyfill-a0232285e75eaa6d.rmeta"],"executable":null,"fresh":false}
   Compiling crossbeam-utils v0.8.21
{"reason":"compiler-artifact","package_id":"registry+https://github.com/rust-lang/crates.io-index#once_cell_polyfill@1.70.2","manifest_path":"C:\\Users\\Administrator\\.cargo\\registry\\src\\index.crates.io-1949cf8c6b5b557f\\once_cell_polyfill-1.70.2\\Cargo.toml","target":{"kind":["lib"],"crate_types":["lib"],"name":"once_cell_polyfill","src_path":"C:\\Users\\Administrator\\.cargo\\registry\\src\\index.crates.io-1949cf8c6b5b557f\\once_cell_polyfill-1.70.2\\src\\lib.rs","edition":"2021","doc":true,"doctest":true,"test":true},"profile":{"opt_level":"0","debuginfo":2,"debug_assertions":true,"overflow_checks":true,"test":false},"features":["default"],"filenames":["C:\\Users\\Administrator\\Desktop\\Projects\\oasm\\target\\debug\\deps\\libonce_cell_polyfill-421423aa6d95243d.rlib","C:\\Users\\Administrator\\Desktop\\Projects\\oasm\\target\\debug\\deps\\libonce_cell_polyfill-421423aa6d95243d.rmeta"],"executable":null,"fresh":false}
   Compiling libc v0.2.178
{"reason":"compiler-artifact","package_id":"registry+https://github.com/rust-lang/crates.io-index#lazy_static@1.5.0","manifest_path":"C:\\Users\\Administrator\\.cargo\\registry\\src\\index.crates.io-1949cf8c6b5b557f\\lazy_static-1.5.0\\Cargo.toml","target":{"kind":["lib"],"crate_types":["lib"],"name":"lazy_static","src_path":"C:\\Users\\Administrator\\.cargo\\registry\\src\\index.crates.io-1949cf8c6b5b557f\\lazy_static-1.5.0\\src\\lib.rs","edition":"2015","doc":true,"doctest":true,"test":true},"profile":{"opt_level":"0","debuginfo":2,"debug_assertions":true,"overflow_checks":true,"test":false},"features":[],"filenames":["C:\\Users\\Administrator\\Desktop\\Projects\\oasm\\target\\debug\\deps\\liblazy_static-358fe1d06221ba05.rlib","C:\\Users\\Administrator\\Desktop\\Projects\\oasm\\target\\debug\\deps\\liblazy_static-358fe1d06221ba05.rmeta"],"executable":null,"fresh":false}
   Compiling lock_api v0.4.14
{"reason":"compiler-artifact","package_id":"registry+https://github.com/rust-lang/crates.io-index#itoa@1.0.15","manifest_path":"C:\\Users\\Administrator\\.cargo\\registry\\src\\index.crates.io-1949cf8c6b5b557f\\itoa-1.0.15\\Cargo.toml","target":{"kind":["lib"],"crate_types":["lib"],"name":"itoa","src_path":"C:\\Users\\Administrator\\.cargo\\registry\\src\\index.crates.io-1949cf8c6b5b557f\\itoa-1.0.15\\src\\lib.rs","edition":"2018","doc":true,"doctest":true,"test":true},"profile":{"opt_level":"0","debuginfo":2,"debug_assertions":true,"overflow_checks":true,"test":false},"features":[],"filenames":["C:\\Users\\Administrator\\Desktop\\Projects\\oasm\\target\\debug\\deps\\libitoa-234f3f64f0f0d5e2.rlib","C:\\Users\\Administrator\\Desktop\\Projects\\oasm\\target\\debug\\deps\\libitoa-234f3f64f0f0d5e2.rmeta"],"executable":null,"fresh":false}
   Compiling getrandom v0.3.4
{"reason":"compiler-artifact","package_id":"registry+https://github.com/rust-lang/crates.io-index#smallvec@1.15.1","manifest_path":"C:\\Users\\Administrator\\.cargo\\registry\\src\\index.crates.io-1949cf8c6b5b557f\\smallvec-1.15.1\\Cargo.toml","target":{"kind":["lib"],"crate_types":["lib"],"name":"smallvec","src_path":"C:\\Users\\Administrator\\.cargo\\registry\\src\\index.crates.io-1949cf8c6b5b557f\\smallvec-1.15.1\\src\\lib.rs","edition":"2018","doc":true,"doctest":true,"test":true},"profile":{"opt_level":"0","debuginfo":2,"debug_assertions":true,"overflow_checks":true,"test":false},"features":[],"filenames":["C:\\Users\\Administrator\\Desktop\\Projects\\oasm\\target\\debug\\deps\\libsmallvec-647958d236f27d35.rlib","C:\\Users\\Administrator\\Desktop\\Projects\\oasm\\target\\debug\\deps\\libsmallvec-647958d236f27d35.rmeta"],"executable":null,"fresh":false}
   Compiling tracing-core v0.1.35
{"reason":"compiler-artifact","package_id":"registry+https://github.com/rust-lang/crates.io-index#scopeguard@1.2.0","manifest_path":"C:\\Users\\Administrator\\.cargo\\registry\\src\\index.crates.io-1949cf8c6b5b557f\\scopeguard-1.2.0\\Cargo.toml","target":{"kind":["lib"],"crate_types":["lib"],"name":"scopeguard","src_path":"C:\\Users\\Administrator\\.cargo\\registry\\src\\index.crates.io-1949cf8c6b5b557f\\scopeguard-1.2.0\\src\\lib.rs","edition":"2015","doc":true,"doctest":true,"test":true},"profile":{"opt_level":"0","debuginfo":2,"debug_assertions":true,"overflow_checks":true,"test":false},"features":[],"filenames":["C:\\Users\\Administrator\\Desktop\\Projects\\oasm\\target\\debug\\deps\\libscopeguard-ff96c909ded4fda5.rlib","C:\\Users\\Administrator\\Desktop\\Projects\\oasm\\target\\debug\\deps\\libscopeguard-ff96c909ded4fda5.rmeta"],"executable":null,"fresh":false}
   Compiling clap_lex v0.7.6
{"reason":"compiler-artifact","package_id":"registry+https://github.com/rust-lang/crates.io-index#once_cell@1.21.3","manifest_path":"C:\\Users\\Administrator\\.cargo\\registry\\src\\index.crates.io-1949cf8c6b5b557f\\once_cell-1.21.3\\Cargo.toml","target":{"kind":["lib"],"crate_types":["lib"],"name":"once_cell","src_path":"C:\\Users\\Administrator\\.cargo\\registry\\src\\index.crates.io-1949cf8c6b5b557f\\once_cell-1.21.3\\src\\lib.rs","edition":"2021","doc":true,"doctest":true,"test":true},"profile":{"opt_level":"0","debuginfo":2,"debug_assertions":true,"overflow_checks":true,"test":false},"features":["alloc","default","race","std"],"filenames":["C:\\Users\\Administrator\\Desktop\\Projects\\oasm\\target\\debug\\deps\\libonce_cell-b733789ad130381d.rlib","C:\\Users\\Administrator\\Desktop\\Projects\\oasm\\target\\debug\\deps\\libonce_cell-b733789ad130381d.rmeta"],"executable":null,"fresh":false}
   Compiling heck v0.5.0
{"reason":"compiler-artifact","package_id":"registry+https://github.com/rust-lang/crates.io-index#anstyle@1.0.13","manifest_path":"C:\\Users\\Administrator\\.cargo\\registry\\src\\index.crates.io-1949cf8c6b5b557f\\anstyle-1.0.13\\Cargo.toml","target":{"kind":["lib"],"crate_types":["lib"],"name":"anstyle","src_path":"C:\\Users\\Administrator\\.cargo\\registry\\src\\index.crates.io-1949cf8c6b5b557f\\anstyle-1.0.13\\src\\lib.rs","edition":"2021","doc":true,"doctest":true,"test":true},"profile":{"opt_level":"0","debuginfo":2,"debug_assertions":true,"overflow_checks":true,"test":false},"features":["default","std"],"filenames":["C:\\Users\\Administrator\\Desktop\\Projects\\oasm\\target\\debug\\deps\\libanstyle-3f67ee316b74ad1b.rlib","C:\\Users\\Administrator\\Desktop\\Projects\\oasm\\target\\debug\\deps\\libanstyle-3f67ee316b74ad1b.rmeta"],"executable":null,"fresh":false}
   Compiling strsim v0.11.1
{"reason":"compiler-artifact","package_id":"registry+https://github.com/rust-lang/crates.io-index#log@0.4.29","manifest_path":"C:\\Users\\Administrator\\.cargo\\registry\\src\\index.crates.io-1949cf8c6b5b557f\\log-0.4.29\\Cargo.toml","target":{"kind":["lib"],"crate_types":["lib"],"name":"log","src_path":"C:\\Users\\Administrator\\.cargo\\registry\\src\\index.crates.io-1949cf8c6b5b557f\\log-0.4.29\\src\\lib.rs","edition":"2021","doc":true,"doctest":true,"test":true},"profile":{"opt_level":"0","debuginfo":2,"debug_assertions":true,"overflow_checks":true,"test":false},"features":["std"],"filenames":["C:\\Users\\Administrator\\Desktop\\Projects\\oasm\\target\\debug\\deps\\liblog-67ed13b2849989c0.rlib","C:\\Users\\Administrator\\Desktop\\Projects\\oasm\\target\\debug\\deps\\liblog-67ed13b2849989c0.rmeta"],"executable":null,"fresh":false}
   Compiling thiserror v1.0.69
{"reason":"compiler-artifact","package_id":"registry+https://github.com/rust-lang/crates.io-index#anstyle-parse@0.2.7","manifest_path":"C:\\Users\\Administrator\\.cargo\\registry\\src\\index.crates.io-1949cf8c6b5b557f\\anstyle-parse-0.2.7\\Cargo.toml","target":{"kind":["lib"],"crate_types":["lib"],"name":"anstyle_parse","src_path":"C:\\Users\\Administrator\\.cargo\\registry\\src\\index.crates.io-1949cf8c6b5b557f\\anstyle-parse-0.2.7\\src\\lib.rs","edition":"2021","doc":true,"doctest":true,"test":true},"profile":{"opt_level":"0","debuginfo":2,"debug_assertions":true,"overflow_checks":true,"test":false},"features":["default","utf8"],"filenames":["C:\\Users\\Administrator\\Desktop\\Projects\\oasm\\target\\debug\\deps\\libanstyle_parse-4e8d37acff174ab0.rlib","C:\\Users\\Administrator\\Desktop\\Projects\\oasm\\target\\debug\\deps\\libanstyle_parse-4e8d37acff174ab0.rmeta"],"executable":null,"fresh":false}
   Compiling bytes v1.11.0
{"reason":"compiler-artifact","package_id":"registry+https://github.com/rust-lang/crates.io-index#ryu@1.0.20","manifest_path":"C:\\Users\\Administrator\\.cargo\\registry\\src\\index.crates.io-1949cf8c6b5b557f\\ryu-1.0.20\\Cargo.toml","target":{"kind":["lib"],"crate_types":["lib"],"name":"ryu","src_path":"C:\\Users\\Administrator\\.cargo\\registry\\src\\index.crates.io-1949cf8c6b5b557f\\ryu-1.0.20\\src\\lib.rs","edition":"2018","doc":true,"doctest":true,"test":true},"profile":{"opt_level":"0","debuginfo":2,"debug_assertions":true,"overflow_checks":true,"test":false},"features":[],"filenames":["C:\\Users\\Administrator\\Desktop\\Projects\\oasm\\target\\debug\\deps\\libryu-e02f504de2b32130.rlib","C:\\Users\\Administrator\\Desktop\\Projects\\oasm\\target\\debug\\deps\\libryu-e02f504de2b32130.rmeta"],"executable":null,"fresh":false}
   Compiling libloading v0.8.9
{"reason":"compiler-artifact","package_id":"registry+https://github.com/rust-lang/crates.io-index#version_check@0.9.5","manifest_path":"C:\\Users\\Administrator\\.cargo\\registry\\src\\index.crates.io-1949cf8c6b5b557f\\version_check-0.9.5\\Cargo.toml","target":{"kind":["lib"],"crate_types":["lib"],"name":"version_check","src_path":"C:\\Users\\Administrator\\.cargo\\registry\\src\\index.crates.io-1949cf8c6b5b557f\\version_check-0.9.5\\src\\lib.rs","edition":"2015","doc":true,"doctest":true,"test":true},"profile":{"opt_level":"0","debuginfo":0,"debug_assertions":true,"overflow_checks":true,"test":false},"features":[],"filenames":["C:\\Users\\Administrator\\Desktop\\Projects\\oasm\\target\\debug\\deps\\libversion_check-cb5c9d34d558413d.rlib","C:\\Users\\Administrator\\Desktop\\Projects\\oasm\\target\\debug\\deps\\libversion_check-cb5c9d34d558413d.rmeta"],"executable":null,"fresh":false}
   Compiling generic-array v0.14.7
{"reason":"compiler-artifact","package_id":"registry+https://github.com/rust-lang/crates.io-index#thread_local@1.1.9","manifest_path":"C:\\Users\\Administrator\\.cargo\\registry\\src\\index.crates.io-1949cf8c6b5b557f\\thread_local-1.1.9\\Cargo.toml","target":{"kind":["lib"],"crate_types":["lib"],"name":"thread_local","src_path":"C:\\Users\\Administrator\\.cargo\\registry\\src\\index.crates.io-1949cf8c6b5b557f\\thread_local-1.1.9\\src\\lib.rs","edition":"2021","doc":true,"doctest":true,"test":true},"profile":{"opt_level":"0","debuginfo":2,"debug_assertions":true,"overflow_checks":true,"test":false},"features":[],"filenames":["C:\\Users\\Administrator\\Desktop\\Projects\\oasm\\target\\debug\\deps\\libthread_local-15b7a2c5ea200037.rlib","C:\\Users\\Administrator\\Desktop\\Projects\\oasm\\target\\debug\\deps\\libthread_local-15b7a2c5ea200037.rmeta"],"executable":null,"fresh":false}
   Compiling fastrand v2.3.0
{"reason":"compiler-artifact","package_id":"registry+https://github.com/rust-lang/crates.io-index#lock_api@0.4.14","manifest_path":"C:\\Users\\Administrator\\.cargo\\registry\\src\\index.crates.io-1949cf8c6b5b557f\\lock_api-0.4.14\\Cargo.toml","target":{"kind":["lib"],"crate_types":["lib"],"name":"lock_api","src_path":"C:\\Users\\Administrator\\.cargo\\registry\\src\\index.crates.io-1949cf8c6b5b557f\\lock_api-0.4.14\\src\\lib.rs","edition":"2021","doc":true,"doctest":true,"test":true},"profile":{"opt_level":"0","debuginfo":2,"debug_assertions":true,"overflow_checks":true,"test":false},"features":["atomic_usize","default"],"filenames":["C:\\Users\\Administrator\\Desktop\\Projects\\oasm\\target\\debug\\deps\\liblock_api-de85b07b75c8942a.rlib","C:\\Users\\Administrator\\Desktop\\Projects\\oasm\\target\\debug\\deps\\liblock_api-de85b07b75c8942a.rmeta"],"executable":null,"fresh":false}
   Compiling cpufeatures v0.2.17
{"reason":"compiler-artifact","package_id":"registry+https://github.com/rust-lang/crates.io-index#half@1.8.3","manifest_path":"C:\\Users\\Administrator\\.cargo\\registry\\src\\index.crates.io-1949cf8c6b5b557f\\half-1.8.3\\Cargo.toml","target":{"kind":["lib"],"crate_types":["lib"],"name":"half","src_path":"C:\\Users\\Administrator\\.cargo\\registry\\src\\index.crates.io-1949cf8c6b5b557f\\half-1.8.3\\src\\lib.rs","edition":"2018","doc":true,"doctest":true,"test":true},"profile":{"opt_level":"0","debuginfo":2,"debug_assertions":true,"overflow_checks":true,"test":false},"features":[],"filenames":["C:\\Users\\Administrator\\Desktop\\Projects\\oasm\\target\\debug\\deps\\libhalf-71a7aa6fc40ecb6c.rlib","C:\\Users\\Administrator\\Desktop\\Projects\\oasm\\target\\debug\\deps\\libhalf-71a7aa6fc40ecb6c.rmeta"],"executable":null,"fresh":false}
   Compiling rust_ui v0.1.0 (C:\Users\Administrator\Desktop\Projects\oasm\ui\rust_ui)
{"reason":"compiler-artifact","package_id":"registry+https://github.com/rust-lang/crates.io-index#serde_json@1.0.145","manifest_path":"C:\\Users\\Administrator\\.cargo\\registry\\src\\index.crates.io-1949cf8c6b5b557f\\serde_json-1.0.145\\Cargo.toml","target":{"kind":["custom-build"],"crate_types":["bin"],"name":"build-script-build","src_path":"C:\\Users\\Administrator\\.cargo\\registry\\src\\index.crates.io-1949cf8c6b5b557f\\serde_json-1.0.145\\build.rs","edition":"2021","doc":false,"doctest":false,"test":false},"profile":{"opt_level":"0","debuginfo":0,"debug_assertions":true,"overflow_checks":true,"test":false},"features":["default","std"],"filenames":["C:\\Users\\Administrator\\Desktop\\Projects\\oasm\\target\\debug\\build\\serde_json-87b58735857d138f\\build-script-build.exe","C:\\Users\\Administrator\\Desktop\\Projects\\oasm\\target\\debug\\build\\serde_json-87b58735857d138f\\build_script_build.pdb"],"executable":null,"fresh":false}
{"reason":"compiler-artifact","package_id":"registry+https://github.com/rust-lang/crates.io-index#parking_lot_core@0.9.12","manifest_path":"C:\\Users\\Administrator\\.cargo\\registry\\src\\index.crates.io-1949cf8c6b5b557f\\parking_lot_core-0.9.12\\Cargo.toml","target":{"kind":["custom-build"],"crate_types":["bin"],"name":"build-script-build","src_path":"C:\\Users\\Administrator\\.cargo\\registry\\src\\index.crates.io-1949cf8c6b5b557f\\parking_lot_core-0.9.12\\build.rs","edition":"2021","doc":false,"doctest":false,"test":false},"profile":{"opt_level":"0","debuginfo":0,"debug_assertions":true,"overflow_checks":true,"test":false},"features":[],"filenames":["C:\\Users\\Administrator\\Desktop\\Projects\\oasm\\target\\debug\\build\\parking_lot_core-0f9575b8cb61f8af\\build-script-build.exe","C:\\Users\\Administrator\\Desktop\\Projects\\oasm\\target\\debug\\build\\parking_lot_core-0f9575b8cb61f8af\\build_script_build.pdb"],"executable":null,"fresh":false}
{"reason":"compiler-artifact","package_id":"registry+https://github.com/rust-lang/crates.io-index#windows_x86_64_msvc@0.53.1","manifest_path":"C:\\Users\\Administrator\\.cargo\\registry\\src\\index.crates.io-1949cf8c6b5b557f\\windows_x86_64_msvc-0.53.1\\Cargo.toml","target":{"kind":["custom-build"],"crate_types":["bin"],"name":"build-script-build","src_path":"C:\\Users\\Administrator\\.cargo\\registry\\src\\index.crates.io-1949cf8c6b5b557f\\windows_x86_64_msvc-0.53.1\\build.rs","edition":"2021","doc":false,"doctest":false,"test":false},"profile":{"opt_level":"0","debuginfo":0,"debug_assertions":true,"overflow_checks":true,"test":false},"features":[],"filenames":["C:\\Users\\Administrator\\Desktop\\Projects\\oasm\\target\\debug\\build\\windows_x86_64_msvc-a926fa6c692a6e30\\build-script-build.exe","C:\\Users\\Administrator\\Desktop\\Projects\\oasm\\target\\debug\\build\\windows_x86_64_msvc-a926fa6c692a6e30\\build_script_build.pdb"],"executable":null,"fresh":false}
{"reason":"compiler-artifact","package_id":"registry+https://github.com/rust-lang/crates.io-index#windows_x86_64_msvc@0.48.5","manifest_path":"C:\\Users\\Administrator\\.cargo\\registry\\src\\index.crates.io-1949cf8c6b5b557f\\windows_x86_64_msvc-0.48.5\\Cargo.toml","target":{"kind":["custom-build"],"crate_types":["bin"],"name":"build-script-build","src_path":"C:\\Users\\Administrator\\.cargo\\registry\\src\\index.crates.io-1949cf8c6b5b557f\\windows_x86_64_msvc-0.48.5\\build.rs","edition":"2018","doc":false,"doctest":false,"test":false},"profile":{"opt_level":"0","debuginfo":0,"debug_assertions":true,"overflow_checks":true,"test":false},"features":[],"filenames":["C:\\Users\\Administrator\\Desktop\\Projects\\oasm\\target\\debug\\build\\windows_x86_64_msvc-3378ed7e828e9860\\build-script-build.exe","C:\\Users\\Administrator\\Desktop\\Projects\\oasm\\target\\debug\\build\\windows_x86_64_msvc-3378ed7e828e9860\\build_script_build.pdb"],"executable":null,"fresh":false}
{"reason":"compiler-artifact","package_id":"registry+https://github.com/rust-lang/crates.io-index#quote@1.0.42","manifest_path":"C:\\Users\\Administrator\\.cargo\\registry\\src\\index.crates.io-1949cf8c6b5b557f\\quote-1.0.42\\Cargo.toml","target":{"kind":["custom-build"],"crate_types":["bin"],"name":"build-script-build","src_path":"C:\\Users\\Administrator\\.cargo\\registry\\src\\index.crates.io-1949cf8c6b5b557f\\quote-1.0.42\\build.rs","edition":"2018","doc":false,"doctest":false,"test":false},"profile":{"opt_level":"0","debuginfo":0,"debug_assertions":true,"overflow_checks":true,"test":false},"features":["default","proc-macro"],"filenames":["C:\\Users\\Administrator\\Desktop\\Projects\\oasm\\target\\debug\\build\\quote-375ca778428de2bc\\build-script-build.exe","C:\\Users\\Administrator\\Desktop\\Projects\\oasm\\target\\debug\\build\\quote-375ca778428de2bc\\build_script_build.pdb"],"executable":null,"fresh":false}
{"reason":"compiler-artifact","package_id":"registry+https://github.com/rust-lang/crates.io-index#proc-macro2@1.0.103","manifest_path":"C:\\Users\\Administrator\\.cargo\\registry\\src\\index.crates.io-1949cf8c6b5b557f\\proc-macro2-1.0.103\\Cargo.toml","target":{"kind":["custom-build"],"crate_types":["bin"],"name":"build-script-build","src_path":"C:\\Users\\Administrator\\.cargo\\registry\\src\\index.crates.io-1949cf8c6b5b557f\\proc-macro2-1.0.103\\build.rs","edition":"2021","doc":false,"doctest":false,"test":false},"profile":{"opt_level":"0","debuginfo":0,"debug_assertions":true,"overflow_checks":true,"test":false},"features":["default","proc-macro"],"filenames":["C:\\Users\\Administrator\\Desktop\\Projects\\oasm\\target\\debug\\build\\proc-macro2-8f31028d2b6d1e23\\build-script-build.exe","C:\\Users\\Administrator\\Desktop\\Projects\\oasm\\target\\debug\\build\\proc-macro2-8f31028d2b6d1e23\\build_script_build.pdb"],"executable":null,"fresh":false}
{"reason":"compiler-artifact","package_id":"registry+https://github.com/rust-lang/crates.io-index#anyhow@1.0.100","manifest_path":"C:\\Users\\Administrator\\.cargo\\registry\\src\\index.crates.io-1949cf8c6b5b557f\\anyhow-1.0.100\\Cargo.toml","target":{"kind":["custom-build"],"crate_types":["bin"],"name":"build-script-build","src_path":"C:\\Users\\Administrator\\.cargo\\registry\\src\\index.crates.io-1949cf8c6b5b557f\\anyhow-1.0.100\\build.rs","edition":"2018","doc":false,"doctest":false,"test":false},"profile":{"opt_level":"0","debuginfo":0,"debug_assertions":true,"overflow_checks":true,"test":false},"features":["default","std"],"filenames":["C:\\Users\\Administrator\\Desktop\\Projects\\oasm\\target\\debug\\build\\anyhow-6cfa10f2aeec52db\\build-script-build.exe","C:\\Users\\Administrator\\Desktop\\Projects\\oasm\\target\\debug\\build\\anyhow-6cfa10f2aeec52db\\build_script_build.pdb"],"executable":null,"fresh":false}
{"reason":"compiler-artifact","package_id":"registry+https://github.com/rust-lang/crates.io-index#getrandom@0.3.4","manifest_path":"C:\\Users\\Administrator\\.cargo\\registry\\src\\index.crates.io-1949cf8c6b5b557f\\getrandom-0.3.4\\Cargo.toml","target":{"kind":["custom-build"],"crate_types":["bin"],"name":"build-script-build","src_path":"C:\\Users\\Administrator\\.cargo\\registry\\src\\index.crates.io-1949cf8c6b5b557f\\getrandom-0.3.4\\build.rs","edition":"2021","doc":false,"doctest":false,"test":false},"profile":{"opt_level":"0","debuginfo":0,"debug_assertions":true,"overflow_checks":true,"test":false},"features":[],"filenames":["C:\\Users\\Administrator\\Desktop\\Projects\\oasm\\target\\debug\\build\\getrandom-6d5c0fb80564db59\\build-script-build.exe","C:\\Users\\Administrator\\Desktop\\Projects\\oasm\\target\\debug\\build\\getrandom-6d5c0fb80564db59\\build_script_build.pdb"],"executable":null,"fresh":false}
{"reason":"compiler-artifact","package_id":"registry+https://github.com/rust-lang/crates.io-index#autocfg@1.5.0","manifest_path":"C:\\Users\\Administrator\\.cargo\\registry\\src\\index.crates.io-1949cf8c6b5b557f\\autocfg-1.5.0\\Cargo.toml","target":{"kind":["lib"],"crate_types":["lib"],"name":"autocfg","src_path":"C:\\Users\\Administrator\\.cargo\\registry\\src\\index.crates.io-1949cf8c6b5b557f\\autocfg-1.5.0\\src\\lib.rs","edition":"2015","doc":true,"doctest":true,"test":true},"profile":{"opt_level":"0","debuginfo":0,"debug_assertions":true,"overflow_checks":true,"test":false},"features":[],"filenames":["C:\\Users\\Administrator\\Desktop\\Projects\\oasm\\target\\debug\\deps\\libautocfg-2d085ea288b54cbb.rlib","C:\\Users\\Administrator\\Desktop\\Projects\\oasm\\target\\debug\\deps\\libautocfg-2d085ea288b54cbb.rmeta"],"executable":null,"fresh":false}
   Compiling num-traits v0.2.19
{"reason":"compiler-artifact","package_id":"registry+https://github.com/rust-lang/crates.io-index#clap_lex@0.7.6","manifest_path":"C:\\Users\\Administrator\\.cargo\\registry\\src\\index.crates.io-1949cf8c6b5b557f\\clap_lex-0.7.6\\Cargo.toml","target":{"kind":["lib"],"crate_types":["lib"],"name":"clap_lex","src_path":"C:\\Users\\Administrator\\.cargo\\registry\\src\\index.crates.io-1949cf8c6b5b557f\\clap_lex-0.7.6\\src\\lib.rs","edition":"2021","doc":true,"doctest":true,"test":true},"profile":{"opt_level":"0","debuginfo":2,"debug_assertions":true,"overflow_checks":true,"test":false},"features":[],"filenames":["C:\\Users\\Administrator\\Desktop\\Projects\\oasm\\target\\debug\\deps\\libclap_lex-8acdcd3c7431395e.rlib","C:\\Users\\Administrator\\Desktop\\Projects\\oasm\\target\\debug\\deps\\libclap_lex-8acdcd3c7431395e.rmeta"],"executable":null,"fresh":false}
   Compiling oasm-api v0.1.0 (C:\Users\Administrator\Desktop\Projects\oasm\crates\oasm-api)
{"reason":"compiler-artifact","package_id":"registry+https://github.com/rust-lang/crates.io-index#crossbeam-utils@0.8.21","manifest_path":"C:\\Users\\Administrator\\.cargo\\registry\\src\\index.crates.io-1949cf8c6b5b557f\\crossbeam-utils-0.8.21\\Cargo.toml","target":{"kind":["custom-build"],"crate_types":["bin"],"name":"build-script-build","src_path":"C:\\Users\\Administrator\\.cargo\\registry\\src\\index.crates.io-1949cf8c6b5b557f\\crossbeam-utils-0.8.21\\build.rs","edition":"2021","doc":false,"doctest":false,"test":false},"profile":{"opt_level":"0","debuginfo":0,"debug_assertions":true,"overflow_checks":true,"test":false},"features":["std"],"filenames":["C:\\Users\\Administrator\\Desktop\\Projects\\oasm\\target\\debug\\build\\crossbeam-utils-944b2244646a307b\\build-script-build.exe","C:\\Users\\Administrator\\Desktop\\Projects\\oasm\\target\\debug\\build\\crossbeam-utils-944b2244646a307b\\build_script_build.pdb"],"executable":null,"fresh":false}
{"reason":"compiler-artifact","package_id":"registry+https://github.com/rust-lang/crates.io-index#serde@1.0.228","manifest_path":"C:\\Users\\Administrator\\.cargo\\registry\\src\\index.crates.io-1949cf8c6b5b557f\\serde-1.0.228\\Cargo.toml","target":{"kind":["custom-build"],"crate_types":["bin"],"name":"build-script-build","src_path":"C:\\Users\\Administrator\\.cargo\\registry\\src\\index.crates.io-1949cf8c6b5b557f\\serde-1.0.228\\build.rs","edition":"2021","doc":false,"doctest":false,"test":false},"profile":{"opt_level":"0","debuginfo":0,"debug_assertions":true,"overflow_checks":true,"test":false},"features":["default","derive","serde_derive","std"],"filenames":["C:\\Users\\Administrator\\Desktop\\Projects\\oasm\\target\\debug\\build\\serde-226b1c3826c13038\\build-script-build.exe","C:\\Users\\Administrator\\Desktop\\Projects\\oasm\\target\\debug\\build\\serde-226b1c3826c13038\\build_script_build.pdb"],"executable":null,"fresh":false}
{"reason":"compiler-artifact","package_id":"registry+https://github.com/rust-lang/crates.io-index#serde_core@1.0.228","manifest_path":"C:\\Users\\Administrator\\.cargo\\registry\\src\\index.crates.io-1949cf8c6b5b557f\\serde_core-1.0.228\\Cargo.toml","target":{"kind":["custom-build"],"crate_types":["bin"],"name":"build-script-build","src_path":"C:\\Users\\Administrator\\.cargo\\registry\\src\\index.crates.io-1949cf8c6b5b557f\\serde_core-1.0.228\\build.rs","edition":"2021","doc":false,"doctest":false,"test":false},"profile":{"opt_level":"0","debuginfo":0,"debug_assertions":true,"overflow_checks":true,"test":false},"features":["result","std"],"filenames":["C:\\Users\\Administrator\\Desktop\\Projects\\oasm\\target\\debug\\build\\serde_core-f95b864b058cf2e3\\build-script-build.exe","C:\\Users\\Administrator\\Desktop\\Projects\\oasm\\target\\debug\\build\\serde_core-f95b864b058cf2e3\\build_script_build.pdb"],"executable":null,"fresh":false}
{"reason":"build-script-executed","package_id":"registry+https://github.com/rust-lang/crates.io-index#serde_json@1.0.145","linked_libs":[],"linked_paths":[],"cfgs":["fast_arithmetic=\"64\""],"env":[],"out_dir":"C:\\Users\\Administrator\\Desktop\\Projects\\oasm\\target\\debug\\build\\serde_json-531d8f19b5120822\\out"}
   Compiling oasm-core v0.1.0 (C:\Users\Administrator\Desktop\Projects\oasm\crates\oasm-core)
{"reason":"compiler-artifact","package_id":"registry+https://github.com/rust-lang/crates.io-index#cpufeatures@0.2.17","manifest_path":"C:\\Users\\Administrator\\.cargo\\registry\\src\\index.crates.io-1949cf8c6b5b557f\\cpufeatures-0.2.17\\Cargo.toml","target":{"kind":["lib"],"crate_types":["lib"],"name":"cpufeatures","src_path":"C:\\Users\\Administrator\\.cargo\\registry\\src\\index.crates.io-1949cf8c6b5b557f\\cpufeatures-0.2.17\\src\\lib.rs","edition":"2018","doc":true,"doctest":true,"test":true},"profile":{"opt_level":"0","debuginfo":2,"debug_assertions":true,"overflow_checks":true,"test":false},"features":[],"filenames":["C:\\Users\\Administrator\\Desktop\\Projects\\oasm\\target\\debug\\deps\\libcpufeatures-995317b5289dd323.rlib","C:\\Users\\Administrator\\Desktop\\Projects\\oasm\\target\\debug\\deps\\libcpufeatures-995317b5289dd323.rmeta"],"executable":null,"fresh":false}
{"reason":"compiler-artifact","package_id":"registry+https://github.com/rust-lang/crates.io-index#libc@0.2.178","manifest_path":"C:\\Users\\Administrator\\.cargo\\registry\\src\\index.crates.io-1949cf8c6b5b557f\\libc-0.2.178\\Cargo.toml","target":{"kind":["custom-build"],"crate_types":["bin"],"name":"build-script-build","src_path":"C:\\Users\\Administrator\\.cargo\\registry\\src\\index.crates.io-1949cf8c6b5b557f\\libc-0.2.178\\build.rs","edition":"2021","doc":false,"doctest":false,"test":false},"profile":{"opt_level":"0","debuginfo":0,"debug_assertions":true,"overflow_checks":true,"test":false},"features":["default","std"],"filenames":["C:\\Users\\Administrator\\Desktop\\Projects\\oasm\\target\\debug\\build\\libc-7b24c58da67edfa9\\build-script-build.exe","C:\\Users\\Administrator\\Desktop\\Projects\\oasm\\target\\debug\\build\\libc-7b24c58da67edfa9\\build_script_build.pdb"],"executable":null,"fresh":false}
{"reason":"build-script-executed","package_id":"registry+https://github.com/rust-lang/crates.io-index#parking_lot_core@0.9.12","linked_libs":[],"linked_paths":[],"cfgs":[],"env":[],"out_dir":"C:\\Users\\Administrator\\Desktop\\Projects\\oasm\\target\\debug\\build\\parking_lot_core-ae7b9910c0c80335\\out"}
{"reason":"compiler-artifact","package_id":"registry+https://github.com/rust-lang/crates.io-index#thiserror@1.0.69","manifest_path":"C:\\Users\\Administrator\\.cargo\\registry\\src\\index.crates.io-1949cf8c6b5b557f\\thiserror-1.0.69\\Cargo.toml","target":{"kind":["custom-build"],"crate_types":["bin"],"name":"build-script-build","src_path":"C:\\Users\\Administrator\\.cargo\\registry\\src\\index.crates.io-1949cf8c6b5b557f\\thiserror-1.0.69\\build.rs","edition":"2021","doc":false,"doctest":false,"test":false},"profile":{"opt_level":"0","debuginfo":0,"debug_assertions":true,"overflow_checks":true,"test":false},"features":[],"filenames":["C:\\Users\\Administrator\\Desktop\\Projects\\oasm\\target\\debug\\build\\thiserror-ba0f98ba7800b8d7\\build-script-build.exe","C:\\Users\\Administrator\\Desktop\\Projects\\oasm\\target\\debug\\build\\thiserror-ba0f98ba7800b8d7\\build_script_build.pdb"],"executable":null,"fresh":false}
{"reason":"compiler-artifact","package_id":"registry+https://github.com/rust-lang/crates.io-index#generic-array@0.14.7","manifest_path":"C:\\Users\\Administrator\\.cargo\\registry\\src\\index.crates.io-1949cf8c6b5b557f\\generic-array-0.14.7\\Cargo.toml","target":{"kind":["custom-build"],"crate_types":["bin"],"name":"build-script-build","src_path":"C:\\Users\\Administrator\\.cargo\\registry\\src\\index.crates.io-1949cf8c6b5b557f\\generic-array-0.14.7\\build.rs","edition":"2015","doc":false,"doctest":false,"test":false},"profile":{"opt_level":"0","debuginfo":0,"debug_assertions":true,"overflow_checks":true,"test":false},"features":["more_lengths"],"filenames":["C:\\Users\\Administrator\\Desktop\\Projects\\oasm\\target\\debug\\build\\generic-array-b25a0056dc262dd8\\build-script-build.exe","C:\\Users\\Administrator\\Desktop\\Projects\\oasm\\target\\debug\\build\\generic-array-b25a0056dc262dd8\\build_script_build.pdb"],"executable":null,"fresh":false}
{"reason":"compiler-artifact","package_id":"registry+https://github.com/rust-lang/crates.io-index#heck@0.5.0","manifest_path":"C:\\Users\\Administrator\\.cargo\\registry\\src\\index.crates.io-1949cf8c6b5b557f\\heck-0.5.0\\Cargo.toml","target":{"kind":["lib"],"crate_types":["lib"],"name":"heck","src_path":"C:\\Users\\Administrator\\.cargo\\registry\\src\\index.crates.io-1949cf8c6b5b557f\\heck-0.5.0\\src\\lib.rs","edition":"2021","doc":true,"doctest":true,"test":true},"profile":{"opt_level":"0","debuginfo":0,"debug_assertions":true,"overflow_checks":true,"test":false},"features":[],"filenames":["C:\\Users\\Administrator\\Desktop\\Projects\\oasm\\target\\debug\\deps\\libheck-c0746bed020f0bb4.rlib","C:\\Users\\Administrator\\Desktop\\Projects\\oasm\\target\\debug\\deps\\libheck-c0746bed020f0bb4.rmeta"],"executable":null,"fresh":false}
{"reason":"compiler-artifact","package_id":"registry+https://github.com/rust-lang/crates.io-index#libloading@0.8.9","manifest_path":"C:\\Users\\Administrator\\.cargo\\registry\\src\\index.crates.io-1949cf8c6b5b557f\\libloading-0.8.9\\Cargo.toml","target":{"kind":["lib"],"crate_types":["lib"],"name":"libloading","src_path":"C:\\Users\\Administrator\\.cargo\\registry\\src\\index.crates.io-1949cf8c6b5b557f\\libloading-0.8.9\\src\\lib.rs","edition":"2015","doc":true,"doctest":true,"test":true},"profile":{"opt_level":"0","debuginfo":2,"debug_assertions":true,"overflow_checks":true,"test":false},"features":[],"filenames":["C:\\Users\\Administrator\\Desktop\\Projects\\oasm\\target\\debug\\deps\\liblibloading-2b3d51d5a696f685.rlib","C:\\Users\\Administrator\\Desktop\\Projects\\oasm\\target\\debug\\deps\\liblibloading-2b3d51d5a696f685.rmeta"],"executable":null,"fresh":false}
{"reason":"build-script-executed","package_id":"registry+https://github.com/rust-lang/crates.io-index#quote@1.0.42","linked_libs":[],"linked_paths":[],"cfgs":[],"env":[],"out_dir":"C:\\Users\\Administrator\\Desktop\\Projects\\oasm\\target\\debug\\build\\quote-980022f6e6a31ec3\\out"}
   Compiling tracing-log v0.2.0
{"reason":"build-script-executed","package_id":"registry+https://github.com/rust-lang/crates.io-index#windows_x86_64_msvc@0.48.5","linked_libs":[],"linked_paths":["native=C:\\Users\\Administrator\\.cargo\\registry\\src\\index.crates.io-1949cf8c6b5b557f\\windows_x86_64_msvc-0.48.5\\lib"],"cfgs":[],"env":[],"out_dir":"C:\\Users\\Administrator\\Desktop\\Projects\\oasm\\target\\debug\\build\\windows_x86_64_msvc-6a298888f1a7cb64\\out"}
   Compiling aho-corasick v1.1.4
{"reason":"compiler-artifact","package_id":"registry+https://github.com/rust-lang/crates.io-index#strsim@0.11.1","manifest_path":"C:\\Users\\Administrator\\.cargo\\registry\\src\\index.crates.io-1949cf8c6b5b557f\\strsim-0.11.1\\Cargo.toml","target":{"kind":["lib"],"crate_types":["lib"],"name":"strsim","src_path":"C:\\Users\\Administrator\\.cargo\\registry\\src\\index.crates.io-1949cf8c6b5b557f\\strsim-0.11.1\\src\\lib.rs","edition":"2015","doc":true,"doctest":true,"test":true},"profile":{"opt_level":"0","debuginfo":2,"debug_assertions":true,"overflow_checks":true,"test":false},"features":[],"filenames":["C:\\Users\\Administrator\\Desktop\\Projects\\oasm\\target\\debug\\deps\\libstrsim-cdc9d46fdd777e6e.rlib","C:\\Users\\Administrator\\Desktop\\Projects\\oasm\\target\\debug\\deps\\libstrsim-cdc9d46fdd777e6e.rmeta"],"executable":null,"fresh":false}
{"reason":"build-script-executed","package_id":"registry+https://github.com/rust-lang/crates.io-index#windows_x86_64_msvc@0.53.1","linked_libs":[],"linked_paths":["native=C:\\Users\\Administrator\\.cargo\\registry\\src\\index.crates.io-1949cf8c6b5b557f\\windows_x86_64_msvc-0.53.1\\lib"],"cfgs":[],"env":[],"out_dir":"C:\\Users\\Administrator\\Desktop\\Projects\\oasm\\target\\debug\\build\\windows_x86_64_msvc-db444a7080dfa927\\out"}
{"reason":"compiler-artifact","package_id":"registry+https://github.com/rust-lang/crates.io-index#fastrand@2.3.0","manifest_path":"C:\\Users\\Administrator\\.cargo\\registry\\src\\index.crates.io-1949cf8c6b5b557f\\fastrand-2.3.0\\Cargo.toml","target":{"kind":["lib"],"crate_types":["lib"],"name":"fastrand","src_path":"C:\\Users\\Administrator\\.cargo\\registry\\src\\index.crates.io-1949cf8c6b5b557f\\fastrand-2.3.0\\src\\lib.rs","edition":"2018","doc":true,"doctest":true,"test":true},"profile":{"opt_level":"0","debuginfo":2,"debug_assertions":true,"overflow_checks":true,"test":false},"features":["alloc","default","std"],"filenames":["C:\\Users\\Administrator\\Desktop\\Projects\\oasm\\target\\debug\\deps\\libfastrand-bdde1dca80645cee.rlib","C:\\Users\\Administrator\\Desktop\\Projects\\oasm\\target\\debug\\deps\\libfastrand-bdde1dca80645cee.rmeta"],"executable":null,"fresh":false}
   Compiling indexmap v2.12.1
{"reason":"build-script-executed","package_id":"registry+https://github.com/rust-lang/crates.io-index#getrandom@0.3.4","linked_libs":[],"linked_paths":[],"cfgs":[],"env":[],"out_dir":"C:\\Users\\Administrator\\Desktop\\Projects\\oasm\\target\\debug\\build\\getrandom-815d1260b109ab62\\out"}
{"reason":"compiler-artifact","package_id":"registry+https://github.com/rust-lang/crates.io-index#hashbrown@0.16.1","manifest_path":"C:\\Users\\Administrator\\.cargo\\registry\\src\\index.crates.io-1949cf8c6b5b557f\\hashbrown-0.16.1\\Cargo.toml","target":{"kind":["lib"],"crate_types":["lib"],"name":"hashbrown","src_path":"C:\\Users\\Administrator\\.cargo\\registry\\src\\index.crates.io-1949cf8c6b5b557f\\hashbrown-0.16.1\\src\\lib.rs","edition":"2021","doc":true,"doctest":true,"test":true},"profile":{"opt_level":"0","debuginfo":2,"debug_assertions":true,"overflow_checks":true,"test":false},"features":[],"filenames":["C:\\Users\\Administrator\\Desktop\\Projects\\oasm\\target\\debug\\deps\\libhashbrown-78fe8637e38de651.rlib","C:\\Users\\Administrator\\Desktop\\Projects\\oasm\\target\\debug\\deps\\libhashbrown-78fe8637e38de651.rmeta"],"executable":null,"fresh":false}
{"reason":"compiler-artifact","package_id":"registry+https://github.com/rust-lang/crates.io-index#tracing-core@0.1.35","manifest_path":"C:\\Users\\Administrator\\.cargo\\registry\\src\\index.crates.io-1949cf8c6b5b557f\\tracing-core-0.1.35\\Cargo.toml","target":{"kind":["lib"],"crate_types":["lib"],"name":"tracing_core","src_path":"C:\\Users\\Administrator\\.cargo\\registry\\src\\index.crates.io-1949cf8c6b5b557f\\tracing-core-0.1.35\\src\\lib.rs","edition":"2018","doc":true,"doctest":true,"test":true},"profile":{"opt_level":"0","debuginfo":2,"debug_assertions":true,"overflow_checks":true,"test":false},"features":["default","once_cell","std"],"filenames":["C:\\Users\\Administrator\\Desktop\\Projects\\oasm\\target\\debug\\deps\\libtracing_core-6d9732d2499c3231.rlib","C:\\Users\\Administrator\\Desktop\\Projects\\oasm\\target\\debug\\deps\\libtracing_core-6d9732d2499c3231.rmeta"],"executable":null,"fresh":false}
{"reason":"compiler-artifact","package_id":"registry+https://github.com/rust-lang/crates.io-index#memchr@2.7.6","manifest_path":"C:\\Users\\Administrator\\.cargo\\registry\\src\\index.crates.io-1949cf8c6b5b557f\\memchr-2.7.6\\Cargo.toml","target":{"kind":["lib"],"crate_types":["lib"],"name":"memchr","src_path":"C:\\Users\\Administrator\\.cargo\\registry\\src\\index.crates.io-1949cf8c6b5b557f\\memchr-2.7.6\\src\\lib.rs","edition":"2021","doc":true,"doctest":true,"test":true},"profile":{"opt_level":"0","debuginfo":2,"debug_assertions":true,"overflow_checks":true,"test":false},"features":["alloc","std"],"filenames":["C:\\Users\\Administrator\\Desktop\\Projects\\oasm\\target\\debug\\deps\\libmemchr-2cd46ac577d0962f.rlib","C:\\Users\\Administrator\\Desktop\\Projects\\oasm\\target\\debug\\deps\\libmemchr-2cd46ac577d0962f.rmeta"],"executable":null,"fresh":false}
{"reason":"compiler-artifact","package_id":"path+file:///C:/Users/Administrator/Desktop/Projects/oasm/ui/rust_ui#0.1.0","manifest_path":"C:\\Users\\Administrator\\Desktop\\Projects\\oasm\\ui\\rust_ui\\Cargo.toml","target":{"kind":["custom-build"],"crate_types":["bin"],"name":"build-script-build","src_path":"C:\\Users\\Administrator\\Desktop\\Projects\\oasm\\ui\\rust_ui\\build.rs","edition":"2021","doc":false,"doctest":false,"test":false},"profile":{"opt_level":"0","debuginfo":0,"debug_assertions":true,"overflow_checks":true,"test":false},"features":["bindings","default"],"filenames":["C:\\Users\\Administrator\\Desktop\\Projects\\oasm\\target\\debug\\build\\rust_ui-1757e21dd937e4f7\\build-script-build.exe","C:\\Users\\Administrator\\Desktop\\Projects\\oasm\\target\\debug\\build\\rust_ui-1757e21dd937e4f7\\build_script_build.pdb"],"executable":null,"fresh":false}
{"reason":"compiler-artifact","package_id":"registry+https://github.com/rust-lang/crates.io-index#sharded-slab@0.1.7","manifest_path":"C:\\Users\\Administrator\\.cargo\\registry\\src\\index.crates.io-1949cf8c6b5b557f\\sharded-slab-0.1.7\\Cargo.toml","target":{"kind":["lib"],"crate_types":["lib"],"name":"sharded_slab","src_path":"C:\\Users\\Administrator\\.cargo\\registry\\src\\index.crates.io-1949cf8c6b5b557f\\sharded-slab-0.1.7\\src\\lib.rs","edition":"2018","doc":true,"doctest":true,"test":true},"profile":{"opt_level":"0","debuginfo":2,"debug_assertions":true,"overflow_checks":true,"test":false},"features":[],"filenames":["C:\\Users\\Administrator\\Desktop\\Projects\\oasm\\target\\debug\\deps\\libsharded_slab-53388061c15d8bfb.rlib","C:\\Users\\Administrator\\Desktop\\Projects\\oasm\\target\\debug\\deps\\libsharded_slab-53388061c15d8bfb.rmeta"],"executable":null,"fresh":false}
{"reason":"compiler-message","package_id":"path+file:///C:/Users/Administrator/Desktop/Projects/oasm/crates/oasm-api#0.1.0","manifest_path":"C:\\Users\\Administrator\\Desktop\\Projects\\oasm\\crates\\oasm-api\\Cargo.toml","target":{"kind":["lib"],"crate_types":["lib"],"name":"oasm_api","src_path":"C:\\Users\\Administrator\\Desktop\\Projects\\oasm\\crates\\oasm-api\\src\\lib.rs","edition":"2024","doc":true,"doctest":true,"test":true},"message":{"rendered":"error[E0412]: cannot find type `Instruction` in this scope\n --> crates\\oasm-api\\src\\lib.rs:6:30\n  |\n6 | pub fn execute(_instruction: Instruction, _context: &mut OasmContext) -> Result<(), String> {\n  |                              ^^^^^^^^^^^ not found in this scope\n\n","$message_type":"diagnostic","children":[],"code":{"code":"E0412","explanation":"A used type name is not in scope.\n\nErroneous code examples:\n\n```compile_fail,E0412\nimpl Something {} // error: type name `Something` is not in scope\n\n// or:\n\ntrait Foo {\n    fn bar(N); // error: type name `N` is not in scope\n}\n\n// or:\n\nfn foo(x: T) {} // type name `T` is not in scope\n```\n\nTo fix this error, please verify you didn't misspell the type name, you did\ndeclare it or imported it into the scope. Examples:\n\n```\nstruct Something;\n\nimpl Something {} // ok!\n\n// or:\n\ntrait Foo {\n    type N;\n\n    fn bar(_: Self::N); // ok!\n}\n\n// or:\n\nfn foo<T>(x: T) {} // ok!\n```\n\nAnother case that causes this error is when a type is imported into a parent\nmodule. To fix this, you can follow the suggestion and use File directly or\n`use super::File;` which will import the types from the parent namespace. An\nexample that causes this error is below:\n\n```compile_fail,E0412\nuse std::fs::File;\n\nmod foo {\n    fn some_function(f: File) {}\n}\n```\n\n```\nuse std::fs::File;\n\nmod foo {\n    // either\n    use super::File;\n    // or\n    // use std::fs::File;\n    fn foo(f: File) {}\n}\n# fn main() {} // don't insert it for us; that'll break imports\n```\n"},"level":"error","message":"cannot find type `Instruction` in this scope","spans":[{"byte_end":227,"byte_start":216,"column_end":41,"column_start":30,"expansion":null,"file_name":"crates\\oasm-api\\src\\lib.rs","is_primary":true,"label":"not found in this scope","line_end":6,"line_start":6,"suggested_replacement":null,"suggestion_applicability":null,"text":[{"highlight_end":41,"highlight_start":30,"text":"pub fn execute(_instruction: Instruction, _context: &mut OasmContext) -> Result<(), String> {"}]}]}}
{"reason":"compiler-message","package_id":"path+file:///C:/Users/Administrator/Desktop/Projects/oasm/crates/oasm-api#0.1.0","manifest_path":"C:\\Users\\Administrator\\Desktop\\Projects\\oasm\\crates\\oasm-api\\Cargo.toml","target":{"kind":["lib"],"crate_types":["lib"],"name":"oasm_api","src_path":"C:\\Users\\Administrator\\Desktop\\Projects\\oasm\\crates\\oasm-api\\src\\lib.rs","edition":"2024","doc":true,"doctest":true,"test":true},"message":{"rendered":"error[E0412]: cannot find type `Instruction` in this scope\n  --> crates\\oasm-api\\src\\lib.rs:10:43\n   |\n10 | pub fn parse(_source: &str) -> Result<Vec<Instruction>, String> {\n   |                                           ^^^^^^^^^^^ not found in this scope\n   |\nhelp: you might be missing a type parameter\n   |\n10 | pub fn parse<Instruction>(_source: &str) -> Result<Vec<Instruction>, String> {\n   |             +++++++++++++\n\n","$message_type":"diagnostic","children":[{"children":[],"code":null,"level":"help","message":"you might be missing a type parameter","rendered":null,"spans":[{"byte_end":307,"byte_start":307,"column_end":13,"column_start":13,"expansion":null,"file_name":"crates\\oasm-api\\src\\lib.rs","is_primary":true,"label":null,"line_end":10,"line_start":10,"suggested_replacement":"<Instruction>","suggestion_applicability":"MaybeIncorrect","text":[{"highlight_end":13,"highlight_start":13,"text":"pub fn parse(_source: &str) -> Result<Vec<Instruction>, String> {"}]}]}],"code":{"code":"E0412","explanation":"A used type name is not in scope.\n\nErroneous code examples:\n\n```compile_fail,E0412\nimpl Something {} // error: type name `Something` is not in scope\n\n// or:\n\ntrait Foo {\n    fn bar(N); // error: type name `N` is not in scope\n}\n\n// or:\n\nfn foo(x: T) {} // type name `T` is not in scope\n```\n\nTo fix this error, please verify you didn't misspell the type name, you did\ndeclare it or imported it into the scope. Examples:\n\n```\nstruct Something;\n\nimpl Something {} // ok!\n\n// or:\n\ntrait Foo {\n    type N;\n\n    fn bar(_: Self::N); // ok!\n}\n\n// or:\n\nfn foo<T>(x: T) {} // ok!\n```\n\nAnother case that causes this error is when a type is imported into a parent\nmodule. To fix this, you can follow the suggestion and use File directly or\n`use super::File;` which will import the types from the parent namespace. An\nexample that causes this error is below:\n\n```compile_fail,E0412\nuse std::fs::File;\n\nmod foo {\n    fn some_function(f: File) {}\n}\n```\n\n```\nuse std::fs::File;\n\nmod foo {\n    // either\n    use super::File;\n    // or\n    // use std::fs::File;\n    fn foo(f: File) {}\n}\n# fn main() {} // don't insert it for us; that'll break imports\n```\n"},"level":"error","message":"cannot find type `Instruction` in this scope","spans":[{"byte_end":348,"byte_start":337,"column_end":54,"column_start":43,"expansion":null,"file_name":"crates\\oasm-api\\src\\lib.rs","is_primary":true,"label":"not found in this scope","line_end":10,"line_start":10,"suggested_replacement":null,"suggestion_applicability":null,"text":[{"highlight_end":54,"highlight_start":43,"text":"pub fn parse(_source: &str) -> Result<Vec<Instruction>, String> {"}]}]}}
{"reason":"compiler-message","package_id":"path+file:///C:/Users/Administrator/Desktop/Projects/oasm/crates/oasm-api#0.1.0","manifest_path":"C:\\Users\\Administrator\\Desktop\\Projects\\oasm\\crates\\oasm-api\\Cargo.toml","target":{"kind":["lib"],"crate_types":["lib"],"name":"oasm_api","src_path":"C:\\Users\\Administrator\\Desktop\\Projects\\oasm\\crates\\oasm-api\\src\\lib.rs","edition":"2024","doc":true,"doctest":true,"test":true},"message":{"rendered":"error[E0412]: cannot find type `ProgramType` in this scope\n  --> crates\\oasm-api\\src\\lib.rs:14:52\n   |\n14 | pub fn register_program(_name: &str, program_type: ProgramType) -> Result<OasmContext, String> {\n   |                                                    ^^^^^^^^^^^ not found in this scope\n\n","$message_type":"diagnostic","children":[],"code":{"code":"E0412","explanation":"A used type name is not in scope.\n\nErroneous code examples:\n\n```compile_fail,E0412\nimpl Something {} // error: type name `Something` is not in scope\n\n// or:\n\ntrait Foo {\n    fn bar(N); // error: type name `N` is not in scope\n}\n\n// or:\n\nfn foo(x: T) {} // type name `T` is not in scope\n```\n\nTo fix this error, please verify you didn't misspell the type name, you did\ndeclare it or imported it into the scope. Examples:\n\n```\nstruct Something;\n\nimpl Something {} // ok!\n\n// or:\n\ntrait Foo {\n    type N;\n\n    fn bar(_: Self::N); // ok!\n}\n\n// or:\n\nfn foo<T>(x: T) {} // ok!\n```\n\nAnother case that causes this error is when a type is imported into a parent\nmodule. To fix this, you can follow the suggestion and use File directly or\n`use super::File;` which will import the types from the parent namespace. An\nexample that causes this error is below:\n\n```compile_fail,E0412\nuse std::fs::File;\n\nmod foo {\n    fn some_function(f: File) {}\n}\n```\n\n```\nuse std::fs::File;\n\nmod foo {\n    // either\n    use super::File;\n    // or\n    // use std::fs::File;\n    fn foo(f: File) {}\n}\n# fn main() {} // don't insert it for us; that'll break imports\n```\n"},"level":"error","message":"cannot find type `ProgramType` in this scope","spans":[{"byte_end":441,"byte_start":430,"column_end":63,"column_start":52,"expansion":null,"file_name":"crates\\oasm-api\\src\\lib.rs","is_primary":true,"label":"not found in this scope","line_end":14,"line_start":14,"suggested_replacement":null,"suggestion_applicability":null,"text":[{"highlight_end":63,"highlight_start":52,"text":"pub fn register_program(_name: &str, program_type: ProgramType) -> Result<OasmContext, String> {"}]}]}}
{"reason":"build-script-executed","package_id":"registry+https://github.com/rust-lang/crates.io-index#crossbeam-utils@0.8.21","linked_libs":[],"linked_paths":[],"cfgs":[],"env":[],"out_dir":"C:\\Users\\Administrator\\Desktop\\Projects\\oasm\\target\\debug\\build\\crossbeam-utils-f150b25d9c7ea52f\\out"}
{"reason":"compiler-message","package_id":"path+file:///C:/Users/Administrator/Desktop/Projects/oasm/crates/oasm-api#0.1.0","manifest_path":"C:\\Users\\Administrator\\Desktop\\Projects\\oasm\\crates\\oasm-api\\Cargo.toml","target":{"kind":["lib"],"crate_types":["lib"],"name":"oasm_api","src_path":"C:\\Users\\Administrator\\Desktop\\Projects\\oasm\\crates\\oasm-api\\src\\lib.rs","edition":"2024","doc":true,"doctest":true,"test":true},"message":{"rendered":"For more information about this error, try `rustc --explain E0412`.\n","$message_type":"diagnostic","children":[],"code":null,"level":"failure-note","message":"For more information about this error, try `rustc --explain E0412`.","spans":[]}}
error: could not compile `oasm-api` (lib) due to 3 previous errors
warning: build failed, waiting for other jobs to finish...
{"reason":"build-script-executed","package_id":"registry+https://github.com/rust-lang/crates.io-index#anyhow@1.0.100","linked_libs":[],"linked_paths":[],"cfgs":["std_backtrace"],"env":[],"out_dir":"C:\\Users\\Administrator\\Desktop\\Projects\\oasm\\target\\debug\\build\\anyhow-f9f64c4d6af1e627\\out"}
{"reason":"build-script-executed","package_id":"registry+https://github.com/rust-lang/crates.io-index#proc-macro2@1.0.103","linked_libs":[],"linked_paths":[],"cfgs":["wrap_proc_macro","proc_macro_span_location","proc_macro_span_file"],"env":[],"out_dir":"C:\\Users\\Administrator\\Desktop\\Projects\\oasm\\target\\debug\\build\\proc-macro2-03a7998ebf76581d\\out"}
{"reason":"build-script-executed","package_id":"registry+https://github.com/rust-lang/crates.io-index#serde@1.0.228","linked_libs":[],"linked_paths":[],"cfgs":["if_docsrs_then_no_serde_core"],"env":[],"out_dir":"C:\\Users\\Administrator\\Desktop\\Projects\\oasm\\target\\debug\\build\\serde-49ed553e01a407b0\\out"}
{"reason":"build-script-executed","package_id":"registry+https://github.com/rust-lang/crates.io-index#serde_core@1.0.228","linked_libs":[],"linked_paths":[],"cfgs":[],"env":[],"out_dir":"C:\\Users\\Administrator\\Desktop\\Projects\\oasm\\target\\debug\\build\\serde_core-30b81be079ba16dd\\out"}
{"reason":"compiler-artifact","package_id":"registry+https://github.com/rust-lang/crates.io-index#bytes@1.11.0","manifest_path":"C:\\Users\\Administrator\\.cargo\\registry\\src\\index.crates.io-1949cf8c6b5b557f\\bytes-1.11.0\\Cargo.toml","target":{"kind":["lib"],"crate_types":["lib"],"name":"bytes","src_path":"C:\\Users\\Administrator\\.cargo\\registry\\src\\index.crates.io-1949cf8c6b5b557f\\bytes-1.11.0\\src\\lib.rs","edition":"2021","doc":true,"doctest":true,"test":true},"profile":{"opt_level":"0","debuginfo":2,"debug_assertions":true,"overflow_checks":true,"test":false},"features":["default","std"],"filenames":["C:\\Users\\Administrator\\Desktop\\Projects\\oasm\\target\\debug\\deps\\libbytes-53249868ba49730e.rlib","C:\\Users\\Administrator\\Desktop\\Projects\\oasm\\target\\debug\\deps\\libbytes-53249868ba49730e.rmeta"],"executable":null,"fresh":false}
{"reason":"compiler-artifact","package_id":"registry+https://github.com/rust-lang/crates.io-index#unsafe-libyaml@0.2.11","manifest_path":"C:\\Users\\Administrator\\.cargo\\registry\\src\\index.crates.io-1949cf8c6b5b557f\\unsafe-libyaml-0.2.11\\Cargo.toml","target":{"kind":["lib"],"crate_types":["lib"],"name":"unsafe_libyaml","src_path":"C:\\Users\\Administrator\\.cargo\\registry\\src\\index.crates.io-1949cf8c6b5b557f\\unsafe-libyaml-0.2.11\\src\\lib.rs","edition":"2021","doc":true,"doctest":true,"test":true},"profile":{"opt_level":"0","debuginfo":2,"debug_assertions":true,"overflow_checks":true,"test":false},"features":[],"filenames":["C:\\Users\\Administrator\\Desktop\\Projects\\oasm\\target\\debug\\deps\\libunsafe_libyaml-a8e66cdb974c58f2.rlib","C:\\Users\\Administrator\\Desktop\\Projects\\oasm\\target\\debug\\deps\\libunsafe_libyaml-a8e66cdb974c58f2.rmeta"],"executable":null,"fresh":false}
{"reason":"compiler-artifact","package_id":"registry+https://github.com/rust-lang/crates.io-index#num-traits@0.2.19","manifest_path":"C:\\Users\\Administrator\\.cargo\\registry\\src\\index.crates.io-1949cf8c6b5b557f\\num-traits-0.2.19\\Cargo.toml","target":{"kind":["custom-build"],"crate_types":["bin"],"name":"build-script-build","src_path":"C:\\Users\\Administrator\\.cargo\\registry\\src\\index.crates.io-1949cf8c6b5b557f\\num-traits-0.2.19\\build.rs","edition":"2021","doc":false,"doctest":false,"test":false},"profile":{"opt_level":"0","debuginfo":0,"debug_assertions":true,"overflow_checks":true,"test":false},"features":[],"filenames":["C:\\Users\\Administrator\\Desktop\\Projects\\oasm\\target\\debug\\build\\num-traits-dce128daacbfa2eb\\build-script-build.exe","C:\\Users\\Administrator\\Desktop\\Projects\\oasm\\target\\debug\\build\\num-traits-dce128daacbfa2eb\\build_script_build.pdb"],"executable":null,"fresh":false}
{"reason":"build-script-executed","package_id":"registry+https://github.com/rust-lang/crates.io-index#libc@0.2.178","linked_libs":[],"linked_paths":[],"cfgs":["freebsd12"],"env":[],"out_dir":"C:\\Users\\Administrator\\Desktop\\Projects\\oasm\\target\\debug\\build\\libc-b2118d17d24df08c\\out"}
{"reason":"compiler-message","package_id":"path+file:///C:/Users/Administrator/Desktop/Projects/oasm/crates/oasm-core#0.1.0","manifest_path":"C:\\Users\\Administrator\\Desktop\\Projects\\oasm\\crates\\oasm-core\\Cargo.toml","target":{"kind":["lib"],"crate_types":["lib"],"name":"oasm_core","src_path":"C:\\Users\\Administrator\\Desktop\\Projects\\oasm\\crates\\oasm-core\\src\\lib.rs","edition":"2024","doc":true,"doctest":true,"test":true},"message":{"rendered":"error[E0412]: cannot find type `Module` in this scope\n --> crates\\oasm-core\\src\\modules.rs:3:67\n  |\n3 | pub fn load_from_directory(_path: impl AsRef<Path>) -> Result<Vec<Module>, String> {\n  |                                                                   ^^^^^^ not found in this scope\n  |\nhelp: consider importing this struct\n  |\n1 + use crate::Module;\n  |\n\n","$message_type":"diagnostic","children":[{"children":[],"code":null,"level":"help","message":"consider importing this struct","rendered":null,"spans":[{"byte_end":0,"byte_start":0,"column_end":1,"column_start":1,"expansion":null,"file_name":"crates\\oasm-core\\src\\modules.rs","is_primary":true,"label":null,"line_end":1,"line_start":1,"suggested_replacement":"use crate::Module;\n","suggestion_applicability":"MaybeIncorrect","text":[{"highlight_end":1,"highlight_start":1,"text":"use std::path::Path;"}]}]}],"code":{"code":"E0412","explanation":"A used type name is not in scope.\n\nErroneous code examples:\n\n```compile_fail,E0412\nimpl Something {} // error: type name `Something` is not in scope\n\n// or:\n\ntrait Foo {\n    fn bar(N); // error: type name `N` is not in scope\n}\n\n// or:\n\nfn foo(x: T) {} // type name `T` is not in scope\n```\n\nTo fix this error, please verify you didn't misspell the type name, you did\ndeclare it or imported it into the scope. Examples:\n\n```\nstruct Something;\n\nimpl Something {} // ok!\n\n// or:\n\ntrait Foo {\n    type N;\n\n    fn bar(_: Self::N); // ok!\n}\n\n// or:\n\nfn foo<T>(x: T) {} // ok!\n```\n\nAnother case that causes this error is when a type is imported into a parent\nmodule. To fix this, you can follow the suggestion and use File directly or\n`use super::File;` which will import the types from the parent namespace. An\nexample that causes this error is below:\n\n```compile_fail,E0412\nuse std::fs::File;\n\nmod foo {\n    fn some_function(f: File) {}\n}\n```\n\n```\nuse std::fs::File;\n\nmod foo {\n    // either\n    use super::File;\n    // or\n    // use std::fs::File;\n    fn foo(f: File) {}\n}\n# fn main() {} // don't insert it for us; that'll break imports\n```\n"},"level":"error","message":"cannot find type `Module` in this scope","spans":[{"byte_end":94,"byte_start":88,"column_end":73,"column_start":67,"expansion":null,"file_name":"crates\\oasm-core\\src\\modules.rs","is_primary":true,"label":"not found in this scope","line_end":3,"line_start":3,"suggested_replacement":null,"suggestion_applicability":null,"text":[{"highlight_end":73,"highlight_start":67,"text":"pub fn load_from_directory(_path: impl AsRef<Path>) -> Result<Vec<Module>, String> {"}]}]}}
{"reason":"compiler-message","package_id":"path+file:///C:/Users/Administrator/Desktop/Projects/oasm/crates/oasm-core#0.1.0","manifest_path":"C:\\Users\\Administrator\\Desktop\\Projects\\oasm\\crates\\oasm-core\\Cargo.toml","target":{"kind":["lib"],"crate_types":["lib"],"name":"oasm_core","src_path":"C:\\Users\\Administrator\\Desktop\\Projects\\oasm\\crates\\oasm-core\\src\\lib.rs","edition":"2024","doc":true,"doctest":true,"test":true},"message":{"rendered":"warning: variable does not need to be mutable\n   --> crates\\oasm-core\\src\\lib.rs:165:13\n    |\n165 |         let mut errors = Vec::new();\n    |             ----^^^^^^\n    |             |\n    |             help: remove this `mut`\n    |\n    = note: `#[warn(unused_mut)]` on by default\n\n","$message_type":"diagnostic","children":[{"children":[],"code":null,"level":"note","message":"`#[warn(unused_mut)]` on by default","rendered":null,"spans":[]},{"children":[],"code":null,"level":"help","message":"remove this `mut`","rendered":null,"spans":[{"byte_end":3347,"byte_start":3343,"column_end":17,"column_start":13,"expansion":null,"file_name":"crates\\oasm-core\\src\\lib.rs","is_primary":true,"label":null,"line_end":165,"line_start":165,"suggested_replacement":"","suggestion_applicability":"MachineApplicable","text":[{"highlight_end":17,"highlight_start":13,"text":"        let mut errors = Vec::new();"}]}]}],"code":{"code":"unused_mut","explanation":null},"level":"warning","message":"variable does not need to be mutable","spans":[{"byte_end":3353,"byte_start":3343,"column_end":23,"column_start":13,"expansion":null,"file_name":"crates\\oasm-core\\src\\lib.rs","is_primary":true,"label":null,"line_end":165,"line_start":165,"suggested_replacement":null,"suggestion_applicability":null,"text":[{"highlight_end":23,"highlight_start":13,"text":"        let mut errors = Vec::new();"}]}]}}
{"reason":"compiler-message","package_id":"path+file:///C:/Users/Administrator/Desktop/Projects/oasm/crates/oasm-core#0.1.0","manifest_path":"C:\\Users\\Administrator\\Desktop\\Projects\\oasm\\crates\\oasm-core\\Cargo.toml","target":{"kind":["lib"],"crate_types":["lib"],"name":"oasm_core","src_path":"C:\\Users\\Administrator\\Desktop\\Projects\\oasm\\crates\\oasm-core\\src\\lib.rs","edition":"2024","doc":true,"doctest":true,"test":true},"message":{"rendered":"For more information about this error, try `rustc --explain E0412`.\n","$message_type":"diagnostic","children":[],"code":null,"level":"failure-note","message":"For more information about this error, try `rustc --explain E0412`.","spans":[]}}
error: could not compile `oasm-core` (lib) due to 1 previous error; 1 warning emitted
{"reason":"build-script-executed","package_id":"registry+https://github.com/rust-lang/crates.io-index#thiserror@1.0.69","linked_libs":[],"linked_paths":[],"cfgs":[],"env":[],"out_dir":"C:\\Users\\Administrator\\Desktop\\Projects\\oasm\\target\\debug\\build\\thiserror-bc0bfe698dc31d7d\\out"}
{"reason":"build-script-executed","package_id":"registry+https://github.com/rust-lang/crates.io-index#generic-array@0.14.7","linked_libs":[],"linked_paths":[],"cfgs":["relaxed_coherence"],"env":[],"out_dir":"C:\\Users\\Administrator\\Desktop\\Projects\\oasm\\target\\debug\\build\\generic-array-ca8073e77ce1c041\\out"}
{"reason":"compiler-artifact","package_id":"registry+https://github.com/rust-lang/crates.io-index#windows_x86_64_msvc@0.48.5","manifest_path":"C:\\Users\\Administrator\\.cargo\\registry\\src\\index.crates.io-1949cf8c6b5b557f\\windows_x86_64_msvc-0.48.5\\Cargo.toml","target":{"kind":["lib"],"crate_types":["lib"],"name":"windows_x86_64_msvc","src_path":"C:\\Users\\Administrator\\.cargo\\registry\\src\\index.crates.io-1949cf8c6b5b557f\\windows_x86_64_msvc-0.48.5\\src\\lib.rs","edition":"2018","doc":true,"doctest":true,"test":true},"profile":{"opt_level":"0","debuginfo":2,"debug_assertions":true,"overflow_checks":true,"test":false},"features":[],"filenames":["C:\\Users\\Administrator\\Desktop\\Projects\\oasm\\target\\debug\\deps\\libwindows_x86_64_msvc-e6badc4be1c7b0e8.rlib","C:\\Users\\Administrator\\Desktop\\Projects\\oasm\\target\\debug\\deps\\libwindows_x86_64_msvc-e6badc4be1c7b0e8.rmeta"],"executable":null,"fresh":false}
{"reason":"build-script-executed","package_id":"path+file:///C:/Users/Administrator/Desktop/Projects/oasm/ui/rust_ui#0.1.0","linked_libs":[],"linked_paths":[],"cfgs":[],"env":[["PYO3_PYTHON","C:\\Users\\Administrator\\AppData\\Local\\Programs\\Python\\Python312\\python.exe"]],"out_dir":"C:\\Users\\Administrator\\Desktop\\Projects\\oasm\\target\\debug\\build\\rust_ui-9a7161338a56c00a\\out"}
warning: rust_ui@0.1.0: Using Python from env override: C:\Users\Administrator\AppData\Local\Programs\Python\Python312\python.exe
{"reason":"compiler-artifact","package_id":"registry+https://github.com/rust-lang/crates.io-index#windows_x86_64_msvc@0.53.1","manifest_path":"C:\\Users\\Administrator\\.cargo\\registry\\src\\index.crates.io-1949cf8c6b5b557f\\windows_x86_64_msvc-0.53.1\\Cargo.toml","target":{"kind":["lib"],"crate_types":["lib"],"name":"windows_x86_64_msvc","src_path":"C:\\Users\\Administrator\\.cargo\\registry\\src\\index.crates.io-1949cf8c6b5b557f\\windows_x86_64_msvc-0.53.1\\src\\lib.rs","edition":"2021","doc":true,"doctest":true,"test":true},"profile":{"opt_level":"0","debuginfo":2,"debug_assertions":true,"overflow_checks":true,"test":false},"features":[],"filenames":["C:\\Users\\Administrator\\Desktop\\Projects\\oasm\\target\\debug\\deps\\libwindows_x86_64_msvc-1ebb26b89a3f1342.rlib","C:\\Users\\Administrator\\Desktop\\Projects\\oasm\\target\\debug\\deps\\libwindows_x86_64_msvc-1ebb26b89a3f1342.rmeta"],"executable":null,"fresh":false}
{"reason":"compiler-artifact","package_id":"registry+https://github.com/rust-lang/crates.io-index#typenum@1.19.0","manifest_path":"C:\\Users\\Administrator\\.cargo\\registry\\src\\index.crates.io-1949cf8c6b5b557f\\typenum-1.19.0\\Cargo.toml","target":{"kind":["custom-build"],"crate_types":["bin"],"name":"build-script-build","src_path":"C:\\Users\\Administrator\\.cargo\\registry\\src\\index.crates.io-1949cf8c6b5b557f\\typenum-1.19.0\\build.rs","edition":"2018","doc":false,"doctest":false,"test":false},"profile":{"opt_level":"0","debuginfo":0,"debug_assertions":true,"overflow_checks":true,"test":false},"features":[],"filenames":["C:\\Users\\Administrator\\Desktop\\Projects\\oasm\\target\\debug\\build\\typenum-3e2ee7f34cfcbb0c\\build-script-build.exe","C:\\Users\\Administrator\\Desktop\\Projects\\oasm\\target\\debug\\build\\typenum-3e2ee7f34cfcbb0c\\build_script_build.pdb"],"executable":null,"fresh":false}
{"reason":"compiler-artifact","package_id":"registry+https://github.com/rust-lang/crates.io-index#getrandom@0.3.4","manifest_path":"C:\\Users\\Administrator\\.cargo\\registry\\src\\index.crates.io-1949cf8c6b5b557f\\getrandom-0.3.4\\Cargo.toml","target":{"kind":["lib"],"crate_types":["lib"],"name":"getrandom","src_path":"C:\\Users\\Administrator\\.cargo\\registry\\src\\index.crates.io-1949cf8c6b5b557f\\getrandom-0.3.4\\src\\lib.rs","edition":"2021","doc":true,"doctest":true,"test":true},"profile":{"opt_level":"0","debuginfo":2,"debug_assertions":true,"overflow_checks":true,"test":false},"features":[],"filenames":["C:\\Users\\Administrator\\Desktop\\Projects\\oasm\\target\\debug\\deps\\libgetrandom-7aa1dbe5e4273fff.rlib","C:\\Users\\Administrator\\Desktop\\Projects\\oasm\\target\\debug\\deps\\libgetrandom-7aa1dbe5e4273fff.rmeta"],"executable":null,"fresh":false}
{"reason":"compiler-artifact","package_id":"registry+https://github.com/rust-lang/crates.io-index#tracing-log@0.2.0","manifest_path":"C:\\Users\\Administrator\\.cargo\\registry\\src\\index.crates.io-1949cf8c6b5b557f\\tracing-log-0.2.0\\Cargo.toml","target":{"kind":["lib"],"crate_types":["lib"],"name":"tracing_log","src_path":"C:\\Users\\Administrator\\.cargo\\registry\\src\\index.crates.io-1949cf8c6b5b557f\\tracing-log-0.2.0\\src\\lib.rs","edition":"2018","doc":true,"doctest":true,"test":true},"profile":{"opt_level":"0","debuginfo":2,"debug_assertions":true,"overflow_checks":true,"test":false},"features":["log-tracer","std"],"filenames":["C:\\Users\\Administrator\\Desktop\\Projects\\oasm\\target\\debug\\deps\\libtracing_log-122722c71c55ba8d.rlib","C:\\Users\\Administrator\\Desktop\\Projects\\oasm\\target\\debug\\deps\\libtracing_log-122722c71c55ba8d.rmeta"],"executable":null,"fresh":false}
{"reason":"compiler-artifact","package_id":"registry+https://github.com/rust-lang/crates.io-index#parking_lot_core@0.9.12","manifest_path":"C:\\Users\\Administrator\\.cargo\\registry\\src\\index.crates.io-1949cf8c6b5b557f\\parking_lot_core-0.9.12\\Cargo.toml","target":{"kind":["lib"],"crate_types":["lib"],"name":"parking_lot_core","src_path":"C:\\Users\\Administrator\\.cargo\\registry\\src\\index.crates.io-1949cf8c6b5b557f\\parking_lot_core-0.9.12\\src\\lib.rs","edition":"2021","doc":true,"doctest":true,"test":true},"profile":{"opt_level":"0","debuginfo":2,"debug_assertions":true,"overflow_checks":true,"test":false},"features":[],"filenames":["C:\\Users\\Administrator\\Desktop\\Projects\\oasm\\target\\debug\\deps\\libparking_lot_core-235da474c4dcb305.rlib","C:\\Users\\Administrator\\Desktop\\Projects\\oasm\\target\\debug\\deps\\libparking_lot_core-235da474c4dcb305.rmeta"],"executable":null,"fresh":false}
{"reason":"compiler-artifact","package_id":"registry+https://github.com/rust-lang/crates.io-index#crossbeam-utils@0.8.21","manifest_path":"C:\\Users\\Administrator\\.cargo\\registry\\src\\index.crates.io-1949cf8c6b5b557f\\crossbeam-utils-0.8.21\\Cargo.toml","target":{"kind":["lib"],"crate_types":["lib"],"name":"crossbeam_utils","src_path":"C:\\Users\\Administrator\\.cargo\\registry\\src\\index.crates.io-1949cf8c6b5b557f\\crossbeam-utils-0.8.21\\src\\lib.rs","edition":"2021","doc":true,"doctest":true,"test":true},"profile":{"opt_level":"0","debuginfo":2,"debug_assertions":true,"overflow_checks":true,"test":false},"features":["std"],"filenames":["C:\\Users\\Administrator\\Desktop\\Projects\\oasm\\target\\debug\\deps\\libcrossbeam_utils-1d2de5070e18a0d1.rlib","C:\\Users\\Administrator\\Desktop\\Projects\\oasm\\target\\debug\\deps\\libcrossbeam_utils-1d2de5070e18a0d1.rmeta"],"executable":null,"fresh":false}
{"reason":"compiler-artifact","package_id":"registry+https://github.com/rust-lang/crates.io-index#indexmap@2.12.1","manifest_path":"C:\\Users\\Administrator\\.cargo\\registry\\src\\index.crates.io-1949cf8c6b5b557f\\indexmap-2.12.1\\Cargo.toml","target":{"kind":["lib"],"crate_types":["lib"],"name":"indexmap","src_path":"C:\\Users\\Administrator\\.cargo\\registry\\src\\index.crates.io-1949cf8c6b5b557f\\indexmap-2.12.1\\src\\lib.rs","edition":"2021","doc":true,"doctest":true,"test":true},"profile":{"opt_level":"0","debuginfo":2,"debug_assertions":true,"overflow_checks":true,"test":false},"features":["default","std"],"filenames":["C:\\Users\\Administrator\\Desktop\\Projects\\oasm\\target\\debug\\deps\\libindexmap-8196c6cd1a46178c.rlib","C:\\Users\\Administrator\\Desktop\\Projects\\oasm\\target\\debug\\deps\\libindexmap-8196c6cd1a46178c.rmeta"],"executable":null,"fresh":false}
{"reason":"compiler-artifact","package_id":"registry+https://github.com/rust-lang/crates.io-index#regex-syntax@0.8.8","manifest_path":"C:\\Users\\Administrator\\.cargo\\registry\\src\\index.crates.io-1949cf8c6b5b557f\\regex-syntax-0.8.8\\Cargo.toml","target":{"kind":["lib"],"crate_types":["lib"],"name":"regex_syntax","src_path":"C:\\Users\\Administrator\\.cargo\\registry\\src\\index.crates.io-1949cf8c6b5b557f\\regex-syntax-0.8.8\\src\\lib.rs","edition":"2021","doc":true,"doctest":true,"test":true},"profile":{"opt_level":"0","debuginfo":2,"debug_assertions":true,"overflow_checks":true,"test":false},"features":["default","std","unicode","unicode-age","unicode-bool","unicode-case","unicode-gencat","unicode-perl","unicode-script","unicode-segment"],"filenames":["C:\\Users\\Administrator\\Desktop\\Projects\\oasm\\target\\debug\\deps\\libregex_syntax-56fef3fb9da4d271.rlib","C:\\Users\\Administrator\\Desktop\\Projects\\oasm\\target\\debug\\deps\\libregex_syntax-56fef3fb9da4d271.rmeta"],"executable":null,"fresh":false}
{"reason":"compiler-artifact","package_id":"registry+https://github.com/rust-lang/crates.io-index#aho-corasick@1.1.4","manifest_path":"C:\\Users\\Administrator\\.cargo\\registry\\src\\index.crates.io-1949cf8c6b5b557f\\aho-corasick-1.1.4\\Cargo.toml","target":{"kind":["lib"],"crate_types":["lib"],"name":"aho_corasick","src_path":"C:\\Users\\Administrator\\.cargo\\registry\\src\\index.crates.io-1949cf8c6b5b557f\\aho-corasick-1.1.4\\src\\lib.rs","edition":"2021","doc":true,"doctest":true,"test":true},"profile":{"opt_level":"0","debuginfo":2,"debug_assertions":true,"overflow_checks":true,"test":false},"features":["perf-literal","std"],"filenames":["C:\\Users\\Administrator\\Desktop\\Projects\\oasm\\target\\debug\\deps\\libaho_corasick-45e70a5cbb1f228e.rlib","C:\\Users\\Administrator\\Desktop\\Projects\\oasm\\target\\debug\\deps\\libaho_corasick-45e70a5cbb1f228e.rmeta"],"executable":null,"fresh":false}
{"reason":"compiler-artifact","package_id":"registry+https://github.com/rust-lang/crates.io-index#windows-sys@0.61.2","manifest_path":"C:\\Users\\Administrator\\.cargo\\registry\\src\\index.crates.io-1949cf8c6b5b557f\\windows-sys-0.61.2\\Cargo.toml","target":{"kind":["lib"],"crate_types":["lib"],"name":"windows_sys","src_path":"C:\\Users\\Administrator\\.cargo\\registry\\src\\index.crates.io-1949cf8c6b5b557f\\windows-sys-0.61.2\\src\\lib.rs","edition":"2021","doc":true,"doctest":false,"test":false},"profile":{"opt_level":"0","debuginfo":2,"debug_assertions":true,"overflow_checks":true,"test":false},"features":["Wdk","Wdk_Foundation","Wdk_Storage","Wdk_Storage_FileSystem","Wdk_System","Wdk_System_IO","Win32","Win32_Foundation","Win32_Networking","Win32_Networking_WinSock","Win32_Security","Win32_Storage","Win32_Storage_FileSystem","Win32_System","Win32_System_Console","Win32_System_IO","Win32_System_Pipes","Win32_System_SystemInformation","Win32_System_SystemServices","Win32_System_Threading","Win32_System_WindowsProgramming","default"],"filenames":["C:\\Users\\Administrator\\Desktop\\Projects\\oasm\\target\\debug\\deps\\libwindows_sys-4d39483d409e0d26.rlib","C:\\Users\\Administrator\\Desktop\\Projects\\oasm\\target\\debug\\deps\\libwindows_sys-4d39483d409e0d26.rmeta"],"executable":null,"fresh":false}
{"reason":"compiler-artifact","package_id":"registry+https://github.com/rust-lang/crates.io-index#jiff@0.2.16","manifest_path":"C:\\Users\\Administrator\\.cargo\\registry\\src\\index.crates.io-1949cf8c6b5b557f\\jiff-0.2.16\\Cargo.toml","target":{"kind":["lib"],"crate_types":["lib"],"name":"jiff","src_path":"C:\\Users\\Administrator\\.cargo\\registry\\src\\index.crates.io-1949cf8c6b5b557f\\jiff-0.2.16\\src\\lib.rs","edition":"2021","doc":true,"doctest":true,"test":true},"profile":{"opt_level":"0","debuginfo":2,"debug_assertions":true,"overflow_checks":true,"test":false},"features":["alloc","std"],"filenames":["C:\\Users\\Administrator\\Desktop\\Projects\\oasm\\target\\debug\\deps\\libjiff-08af20d3a2f5f64f.rlib","C:\\Users\\Administrator\\Desktop\\Projects\\oasm\\target\\debug\\deps\\libjiff-08af20d3a2f5f64f.rmeta"],"executable":null,"fresh":false}
{"reason":"build-finished","success":false}
warning: compiler v0.1.0 (C:\Users\Administrator\Desktop\Projects\oasm\compiler) ignoring invalid dependency `runtime_daemon` which is missing a lib target
   Compiling anstyle-wincon v3.0.11
   Compiling anstyle-query v1.1.5
   Compiling typenum v1.19.0
   Compiling nu-ansi-term v0.50.3
   Compiling winapi-util v0.1.11
   Compiling mio v1.1.1
   Compiling proc-macro2 v1.0.103
   Compiling serde_core v1.0.228
   Compiling regex-automata v0.4.13
   Compiling num-traits v0.2.19
   Compiling anyhow v1.0.100
   Compiling ctrlc v3.5.1
   Compiling oasm-api v0.1.0 (C:\Users\Administrator\Desktop\Projects\oasm\crates\oasm-api)
   Compiling oasm-core v0.1.0 (C:\Users\Administrator\Desktop\Projects\oasm\crates\oasm-core)
   Compiling windows-targets v0.53.5
   Compiling windows-targets v0.48.5
   Compiling parking_lot v0.12.5
   Compiling libc v0.2.178
warning: rust_ui@0.1.0: Using Python from env override: C:\Users\Administrator\AppData\Local\Programs\Python\Python312\python.exe
   Compiling crossbeam-channel v0.5.15
   Compiling tempfile v3.23.0
   Compiling windows-sys v0.48.0
   Compiling windows-sys v0.60.2
error[E0412]: cannot find type `Module` in this scope
 --> crates\oasm-core\src\modules.rs:3:67
  |
3 | pub fn load_from_directory(_path: impl AsRef<Path>) -> Result<Vec<Module>, String> {
  |                                                                   ^^^^^^ not found in this scope
  |
help: consider importing this struct
  |
1 + use crate::Module;
  |

error[E0412]: cannot find type `Instruction` in this scope
 --> crates\oasm-api\src\lib.rs:6:30
  |
6 | pub fn execute(_instruction: Instruction, _context: &mut OasmContext) -> Result<(), String> {
  |                              ^^^^^^^^^^^ not found in this scope

error[E0412]: cannot find type `Instruction` in this scope
  --> crates\oasm-api\src\lib.rs:10:43
   |
10 | pub fn parse(_source: &str) -> Result<Vec<Instruction>, String> {
   |                                           ^^^^^^^^^^^ not found in this scope
   |
help: you might be missing a type parameter
   |
10 | pub fn parse<Instruction>(_source: &str) -> Result<Vec<Instruction>, String> {
   |             +++++++++++++

error[E0412]: cannot find type `ProgramType` in this scope
  --> crates\oasm-api\src\lib.rs:14:52
   |
14 | pub fn register_program(_name: &str, program_type: ProgramType) -> Result<OasmContext, String> {
   |                                                    ^^^^^^^^^^^ not found in this scope

   Compiling anstream v0.6.21
For more information about this error, try `rustc --explain E0412`.
error: could not compile `oasm-api` (lib) due to 3 previous errors
warning: build failed, waiting for other jobs to finish...
warning: variable does not need to be mutable
   --> crates\oasm-core\src\lib.rs:165:13
    |
165 |         let mut errors = Vec::new();
    |             ----^^^^^^
    |             |
    |             help: remove this `mut`
    |
    = note: `#[warn(unused_mut)]` on by default

warning: `oasm-core` (lib) generated 1 warning
error: could not compile `oasm-core` (lib) due to 1 previous error; 1 warning emitted
